[stanza]
--lemma --pos
--lemma --pos
[stanza]
--lemma --pos
Frequency counting stats:
 170983317 tokens counted
 128424 replacements for <cc_desc>
 37655 replacements for <censored>
 8098 replacements for <web>
 457 replacements for <email>
 1368 replacements for <handle>

--lemma --pos
--lemma --pos
Frequency counting stats:
 170945890 tokens counted
 128424 replacements for <cc_desc>
 37655 replacements for <censored>
 8098 replacements for <web>
 457 replacements for <email>
 1368 replacements for <handle>

