[unidic-lite]
[unidic-lite]
Frequency counting stats:
 32981 tokens counted
 28 replacements for <cc_desc>

[unidic-lite]
[unidic-lite]
Frequency counting stats:
 165932178 tokens counted
 250712 replacements for <cc_desc>
 106 replacements for <email>
 2678 replacements for <censored>
 1285 replacements for <web>
 536 replacements for <handle>

[unidic-lite]




Frequency counting stats:
 165932178 tokens counted
 250712 replacements for <cc_desc>
 106 replacements for <email>
 2678 replacements for <censored>
 1285 replacements for <web>
 536 replacements for <handle>

